// Jest Snapshot v1, https://goo.gl/fbAQLP

exports[`Snapshot 1`] = `
Object {
  "Parameters": Object {
    "BootstrapVersion": Object {
      "Default": "/cdk-bootstrap/hnb659fds/version",
      "Description": "Version of the CDK Bootstrap resources in this environment, automatically retrieved from SSM Parameter Store. [cdk:skip]",
      "Type": "AWS::SSM::Parameter::Value<String>",
    },
  },
  "Resources": Object {
    "Ec2LaunchTemplateAmznLinuxProductE0C3E848": Object {
      "Properties": Object {
        "Name": "Ec2LaunchTemplateAmznLinux Product",
        "Owner": "SK Cloud Transformation Group",
        "ProvisioningArtifactParameters": Array [
          Object {
            "DisableTemplateValidation": false,
            "Info": Object {
              "LoadTemplateFromURL": Object {
                "Fn::Sub": "https://s3.\${AWS::Region}.\${AWS::URLSuffix}/cdk-hnb659fds-assets-\${AWS::AccountId}-\${AWS::Region}/40d8ded39854b008c65cee5ee970d3561401d1046f99491fc7e5915f1bd71a3b.json",
              },
            },
            "Name": "v1.0",
          },
        ],
      },
      "Type": "AWS::ServiceCatalog::CloudFormationProduct",
    },
    "Ec2LaunchTemplateWinProduct82CF4950": Object {
      "Properties": Object {
        "Name": "Ec2LaunchTemplateWindowsProduct",
        "Owner": "SK Cloud Transformation Group",
        "ProvisioningArtifactParameters": Array [
          Object {
            "DisableTemplateValidation": false,
            "Info": Object {
              "LoadTemplateFromURL": Object {
                "Fn::Sub": "https://s3.\${AWS::Region}.\${AWS::URLSuffix}/cdk-hnb659fds-assets-\${AWS::AccountId}-\${AWS::Region}/974facb018d2bda3b48784a574fd2c47261f2367d913975ae37a91a8785e3369.json",
              },
            },
            "Name": "v1.0",
          },
        ],
      },
      "Type": "AWS::ServiceCatalog::CloudFormationProduct",
    },
  },
  "Rules": Object {
    "CheckBootstrapVersion": Object {
      "Assertions": Array [
        Object {
          "Assert": Object {
            "Fn::Not": Array [
              Object {
                "Fn::Contains": Array [
                  Array [
                    "1",
                    "2",
                    "3",
                    "4",
                    "5",
                  ],
                  Object {
                    "Ref": "BootstrapVersion",
                  },
                ],
              },
            ],
          },
          "AssertDescription": "CDK bootstrap stack version 6 required. Please run 'cdk bootstrap' with a recent version of the CDK CLI.",
        },
      ],
    },
  },
}
`;
