// Jest Snapshot v1, https://goo.gl/fbAQLP

exports[`Snapshot 1`] = `
Object {
  "Parameters": Object {
    "BootstrapVersion": Object {
      "Default": "/cdk-bootstrap/hnb659fds/version",
      "Description": "Version of the CDK Bootstrap resources in this environment, automatically retrieved from SSM Parameter Store. [cdk:skip]",
      "Type": "AWS::SSM::Parameter::Value<String>",
    },
  },
  "Resources": Object {
    "EC2LaunchTEmplateProduct52809615": Object {
      "Properties": Object {
        "Name": "EC2 LaunchTemplate Product",
        "Owner": "SK Cloud Transformation Group",
        "ProvisioningArtifactParameters": Array [
          Object {
            "DisableTemplateValidation": false,
            "Info": Object {
              "LoadTemplateFromURL": Object {
                "Fn::Sub": "https://s3.\${AWS::Region}.\${AWS::URLSuffix}/cdk-hnb659fds-assets-\${AWS::AccountId}-\${AWS::Region}/a991765d04939270f37bf2cb60f678242c478ea133042679714f308fc589fdc1.json",
              },
            },
            "Name": "v1.0",
          },
        ],
      },
      "Type": "AWS::ServiceCatalog::CloudFormationProduct",
    },
  },
  "Rules": Object {
    "CheckBootstrapVersion": Object {
      "Assertions": Array [
        Object {
          "Assert": Object {
            "Fn::Not": Array [
              Object {
                "Fn::Contains": Array [
                  Array [
                    "1",
                    "2",
                    "3",
                    "4",
                    "5",
                  ],
                  Object {
                    "Ref": "BootstrapVersion",
                  },
                ],
              },
            ],
          },
          "AssertDescription": "CDK bootstrap stack version 6 required. Please run 'cdk bootstrap' with a recent version of the CDK CLI.",
        },
      ],
    },
  },
}
`;
